---
source: tests/tui_exec_cell.rs
expression: snapshot
---
"┌ bash ────────────────────────────────────────────────────────────────────────┐"
"│ ⠋ Running... (#ms)│"
"│ Input: {"cmd":"echo hello"}│"
"│ ┌──────────────────────────────────────────────────────────────────────────┐│"
"│ │ Processing...                                                            ││"
"│ │ Step 1 complete                                                          ││"
"│ │                                                                          ││"
"│ │                                                                          ││"
"│ │                                                                          ││"
"│ │                                                                          ││"
"│ │                                                                          ││"
"│ │                                                                          ││"
"│ │                                                                          ││"
"│ │                                                                          ││"
"│ │                                                                          ││"
"│ │                                                                          ││"
"│ │                                                                          ││"
"│ │                                                                          ││"
"│ └──────────────────────────────────────────────────────────────────────────┘│"
"└──────────────────────────────────────────────────────────────────────────────┘"
