---
source: tests/tui_exec_cell.rs
expression: snapshot
---
"┌ write_file ──────────────────────────────────────────────────────────────────┐"
"│ ✓ Success (#ms)│"
"│ {│"
"│ "content": "Hello World",│"
"│ "path": "output.txt"│"
"│ }│"
"││"
"││"
"││"
"││"
"││"
"││"
"││"
"│ ┌ Output ──────────────────────────────────────────────────────────────────┐│"
"│ │ File written successfully                                                ││"
"│ │                                                                          ││"
"│ │                                                                          ││"
"│ │                                                                          ││"
"│ │                                                                          ││"
"│ │                                                                          ││"
"│ │                                                                          ││"
"│ │                                                                          ││"
"│ │                                                                          ││"
"│ └──────────────────────────────────────────────────────────────────────────┘│"
"└──────────────────────────────────────────────────────────────────────────────┘"
