---
source: tests/tui_exec_cell.rs
expression: snapshot
---
"┌ read_file ───────────────────────────────────────────────────────────────────┐"
"│ ✓ Success (#ms)│"
"│ Input: {"path":"test.rs"}│"
"│ Result: 3 lines | File content hereMultiple linesOf text│"
"││"
"││"
"││"
"││"
"││"
"││"
"││"
"││"
"││"
"││"
"││"
"││"
"││"
"││"
"││"
"└──────────────────────────────────────────────────────────────────────────────┘"
