---
source: tests/tui_exec_cell.rs
expression: snapshot
---
"┌ read_file ───────────────────────────────────────────────────────────────────┐"
"│ ○ Running... (#ms)│"
"│ Input: {"path":"test.rs"}│"
"││"
"││"
"││"
"││"
"││"
"││"
"││"
"││"
"││"
"││"
"││"
"││"
"││"
"││"
"││"
"││"
"└──────────────────────────────────────────────────────────────────────────────┘"
