---
source: tests/tui_exec_cell.rs
expression: snapshot
---
"┌ bash ────────────────────────────────────────────────────────────────────────┐"
"│ ⠋ Running... (#ms)│"
"│ Input: {"cmd":"long_running_command"}│"
"│ ┌──────────────────────────────────────────────────────────────────────────┐│"
"│ │ Starting process...                                                      ││"
"│ │ Loading configuration                                                    ││"
"│ │ Connecting to database                                                   ││"
"│ │ Executing query                                                          ││"
"│ │ Processing results                                                       ││"
"│ │                                                                          ││"
"│ │                                                                          ││"
"│ │                                                                          ││"
"│ │                                                                          ││"
"│ │                                                                          ││"
"│ │                                                                          ││"
"│ │                                                                          ││"
"│ │                                                                          ││"
"│ │                                                                          ││"
"│ └──────────────────────────────────────────────────────────────────────────┘│"
"└──────────────────────────────────────────────────────────────────────────────┘"
