---
source: tests/tui_exec_cell.rs
expression: snapshot
---
"┌ bash ────────────────────────────────────────────────────────────────────────┐"
"│ ✗ Error (#ms)│"
"│ Input: {"cmd":"invalid_command"}│"
"│ Result: 1 lines | Command not found: invalid_command│"
"││"
"││"
"││"
"││"
"││"
"││"
"││"
"││"
"││"
"││"
"││"
"││"
"││"
"││"
"││"
"└──────────────────────────────────────────────────────────────────────────────┘"
